{"contracts":[{"id":1,"type":"ACHAT"},{"id":2,"type":"ACHAT"}]}