{"contracts":[{"id":113,"type":"ACHAT"},{"id":113,"type":"ACHAT"},{"id":113,"type":"ACHAT"},{"id":113,"type":"ACHAT"}]}